// Jest Snapshot v1, https://goo.gl/fbAQLP

exports[`Edit Screen renders correctly 1`] = `
<View>
  <Text>
    Edit Screen
  </Text>
</View>
`;
