// Jest Snapshot v1, https://goo.gl/fbAQLP

exports[`Edit Screen renders correctly 1`] = `
<RCTSafeAreaView>
  <View>
    <Text>
      My Posts Screen
    </Text>
  </View>
</RCTSafeAreaView>
`;
