// Jest Snapshot v1, https://goo.gl/fbAQLP

exports[`Setting Screen renders correctly 1`] = `
<View>
  <Text>
    Setting Screen
  </Text>
</View>
`;
